[www.blitzit.app/index.html]
[r.wdfl.co/rw.js]
[backblue.gif]
[fade.gif]
[index.html]
[connect.facebook.net/en_US/fbevents.js]
[framerusercontent.com/images/hVlm992U00ugOFzHzwxoTbetfM.png]
[framerusercontent.com/sites/3IMKteN1GQ0roUwlfGKmcj/chunk-PBDTBQES.mjs]
[framerusercontent.com/sites/3IMKteN1GQ0roUwlfGKmcj/chunk-ENK4YSX5.mjs]
[framerusercontent.com/sites/3IMKteN1GQ0roUwlfGKmcj/l-hD-KrzzvklJt7yLHQYV0UG0WB2m-PiIlYaaFTFobY.QQ32QJUR.mjs]
[framerusercontent.com/sites/3IMKteN1GQ0roUwlfGKmcj/chunk-5EHPG3GG.mjs]
[framerusercontent.com/sites/3IMKteN1GQ0roUwlfGKmcj/chunk-IRQ2S6SG.mjs]
[framerusercontent.com/sites/3IMKteN1GQ0roUwlfGKmcj/chunk-WJJFM56X.mjs]
[framerusercontent.com/sites/3IMKteN1GQ0roUwlfGKmcj/chunk-3B4X5CZ3.mjs]
[framerusercontent.com/sites/3IMKteN1GQ0roUwlfGKmcj/chunk-ZZ5YZNG7.mjs]
[framerusercontent.com/sites/3IMKteN1GQ0roUwlfGKmcj/chunk-2ELOA5OQ.mjs]
[framerusercontent.com/sites/3IMKteN1GQ0roUwlfGKmcj/chunk-XP34H2JF.mjs]
[framerusercontent.com/sites/3IMKteN1GQ0roUwlfGKmcj/chunk-2JPSZPPY.mjs]
[framerusercontent.com/sites/3IMKteN1GQ0roUwlfGKmcj/chunk-C5LCHGBL.mjs]
[framerusercontent.com/sites/3IMKteN1GQ0roUwlfGKmcj/chunk-OIE5PZK3.mjs]
[framerusercontent.com/sites/3IMKteN1GQ0roUwlfGKmcj/chunk-LOKWCPDX.mjs]
[framerusercontent.com/sites/3IMKteN1GQ0roUwlfGKmcj/chunk-EVAMH3AX.mjs]
[framerusercontent.com/sites/3IMKteN1GQ0roUwlfGKmcj/chunk-GYKVJC7H.mjs]
[framerusercontent.com/sites/3IMKteN1GQ0roUwlfGKmcj/chunk-XHEVGAWF.mjs]
[framerusercontent.com/sites/3IMKteN1GQ0roUwlfGKmcj/chunk-32AJPJT2.mjs]
[framerusercontent.com/sites/3IMKteN1GQ0roUwlfGKmcj/chunk-2ABLVPXD.mjs]
[framerusercontent.com/sites/3IMKteN1GQ0roUwlfGKmcj/chunk-CKIE3WM4.mjs]
[framerusercontent.com/sites/3IMKteN1GQ0roUwlfGKmcj/chunk-O3EMSAYH.mjs]
[framerusercontent.com/sites/3IMKteN1GQ0roUwlfGKmcj/chunk-ZZXR7HSS.mjs]
[framerusercontent.com/sites/3IMKteN1GQ0roUwlfGKmcj/chunk-2HTEB2GM.mjs]
[framerusercontent.com/sites/3IMKteN1GQ0roUwlfGKmcj/chunk-2GNAUHKR.mjs]
[framerusercontent.com/sites/3IMKteN1GQ0roUwlfGKmcj/chunk-QLHIDQGL.mjs]
[framerusercontent.com/images/LSuDF1nElvH56n9eKRlJ25scbIo.png]
[www.blitzit.app/help-center/home.html]
[www.blitzit.app/partner-program.html]
[www.blitzit.app/blog.html]
[framerusercontent.com/images/NEzUams6DrYZ4137kz0kA2P7U.jpg]
[framerusercontent.com/images/4BEe4YSh86k7zdBwzjJbA0iYBoQ.png]
[framerusercontent.com/images/7yPXqgN5zVMqDPAdumH2nNHEqA17f5.png]
[www.blitzit.app/&apos;data_image/svg+xml;utf8,_svg xmlns=_http_/www.w3.org/2000/svg_ xmlns_xlink=_http_/www.w3.org/1999/xlink_ viewBox=_0 0 7 5___path d=_M 2.375 2.334 L 5.041 2.334_]
[www.blitzit.app/&apos;data_image/svg+xml;utf8,_svg xmlns=_http_/www.w3.org/2000/svg_ xmlns_xlink=_http_/www.w3.org/1999/xlink_ viewBox=_0 0 5 4___path d=_M 2.375 2.001 L 2.382 2.001_]
[www.blitzit.app/&apos;data_image/svg+xml;utf8,_svg xmlns=_http_/www.w3.org/2000/svg_ xmlns_xlink=_http_/www.w3.org/1999/xlink_ viewBox=_0 0 4 7___path d=_M 1.708 2.001 L 1.708 4.668_]
[framerusercontent.com/images/6f2PNopNgI4r0uuD3Qy0OHaIo17f5.png]
[framerusercontent.com/images/0y5aFbUwpkdQRaHuHBR4boIttM17f5.png]
[www.blitzit.app/&apos;data_image/svg+xml;utf8,_svg xmlns=_http_/www.w3.org/2000/svg_ xmlns_xlink=_http_/www.w3.org/1999/xlink_ viewBox=_0 0 5 4___path d=_M 2.375 1.667 L 2.382 1.667_]
[www.blitzit.app/&apos;data_image/svg+xml;utf8,_svg xmlns=_http_/www.w3.org/2000/svg_ xmlns_xlink=_http_/www.w3.org/1999/xlink_ viewBox=_0 0 10 14___path d=_M 1.708 1.667 L 8.375 7.00]
[www.blitzit.app/&apos;data_image/svg+xml;utf8,_svg xmlns=_http_/www.w3.org/2000/svg_ xmlns_xlink=_http_/www.w3.org/1999/xlink_ viewBox=_0 0 4 14___path d=_M 2.042 2.334 L 2.042 11.66]
[www.blitzit.app/&apos;data_image/svg+xml;utf8,_svg xmlns=_http_/www.w3.org/2000/svg_ xmlns_xlink=_http_/www.w3.org/1999/xlink_ viewBox=_0 0 12 18___g id=_ss2314348197_1___path d=_M 8]
[framerusercontent.com/images/OzzHtoBSeYL521SlpEXx9eHjdEbf23.png]
[www.blitzit.app/&apos;data_image/svg+xml;utf8,_svg xmlns=_http_/www.w3.org/2000/svg_ xmlns_xlink=_http_/www.w3.org/1999/xlink_ viewBox=_0 0 16 13___path d=_M 2.665 1 L 13.333 1 C 14]
[www.blitzit.app/&apos;data_image/svg+xml;utf8,_svg xmlns=_http_/www.w3.org/2000/svg_ xmlns_xlink=_http_/www.w3.org/1999/xlink_ viewBox=_0 0 16 7___path d=_M 14.667 1.333 L 7.999 6 L]
[framerusercontent.com/images/2ChZ89dN5i5K8Ptq1N0NSfZ0Ebf23.png]
[www.blitzit.app/&apos;data_image/svg+xml;utf8,_svg xmlns=_http_/www.w3.org/2000/svg_ xmlns_xlink=_http_/www.w3.org/1999/xlink_ viewBox=_0 0 11 12___path d=_M 1.666 9.001 C 1.952 9.38]
[framerusercontent.com/images/q7y0ZjAlnM9R9dJuo20OtPSTkQbf23.png]
[www.blitzit.app/&apos;data_image/svg+xml;utf8,_svg xmlns=_http_/www.w3.org/2000/svg_ xmlns_xlink=_http_/www.w3.org/1999/xlink_ viewBox=_0 0 11 11___path d=_M 9.333 2.667 C 9.047 2.28]
[framerusercontent.com/images/71D8HwM9uro3D7lVuMYdcwjjP4Q.png]
[www.blitzit.app/&apos;data_image/svg+xml;utf8,_svg xmlns=_http_/www.w3.org/2000/svg_ xmlns_xlink=_http_/www.w3.org/1999/xlink_ viewBox=_0 0 11 4___path d=_M 1.667 2.003 L 9 2.003_ fi]
[www.blitzit.app/&apos;data_image/svg+xml;utf8,_svg xmlns=_http_/www.w3.org/2000/svg_ xmlns_xlink=_http_/www.w3.org/1999/xlink_ viewBox=_0 0 4 5___path d=_M 1.667 1.003 L 2.334 1.003]
[www.blitzit.app/&apos;data_image/svg+xml;utf8,_svg xmlns=_http_/www.w3.org/2000/svg_ xmlns_xlink=_http_/www.w3.org/1999/xlink_ viewBox=_0 0 5 4___path d=_M 1.667 1.67 L 3 1.67_ fill=]
[www.blitzit.app/&apos;data_image/svg+xml;utf8,_svg xmlns=_http_/www.w3.org/2000/svg_ xmlns_xlink=_http_/www.w3.org/1999/xlink_ viewBox=_0 0 4 6___path d=_M 3 4.003 L 1.667 4.003 C 1]
[www.blitzit.app/&apos;data_image/svg+xml;utf8,_svg xmlns=_http_/www.w3.org/2000/svg_ xmlns_xlink=_http_/www.w3.org/1999/xlink_ viewBox=_0 0 6 10___path d=_M 1 1.67 L 4.333 5.003 L 1]
[framerusercontent.com/images/WE36rVD9UbKAgYZKC41YUs4PKpE17f5.png]
[framerusercontent.com/images/Ev5WadmW4zyn4acFgN2k6Q4rjU.png]
[www.blitzit.app/&apos;data_image/svg+xml;utf8,_svg xmlns=_http_/www.w3.org/2000/svg_ xmlns_xlink=_http_/www.w3.org/1999/xlink_ viewBox=_0 0 14 11___path d=_M 1.667 1.67 L 1.667 6.336]
[framerusercontent.com/images/S30A4EfRuCSEDmU4QM0cTNdjp0.jpg]
[www.blitzit.app/&apos;data_image/svg+xml;utf8,_svg xmlns=_http_/www.w3.org/2000/svg_ xmlns_xlink=_http_/www.w3.org/1999/xlink_ viewBox=_0 0 169 170___path d=_M 169.001 84.579 C 169.0]
[framerusercontent.com/images/FYWfNnKhsHfXSivAWNyBp3vu6JI.jpg]
[framerusercontent.com/images/GKSgoUxmZVGOFFfQAm4DTHl4Dks.jpg]
[framerusercontent.com/images/RkLf9p9z7B04lZvKZBoYc0Gcjg.png]
[framerusercontent.com/images/S4LE9Wv2WWiatSe6xzYP5xfqViQ.png]
[framerusercontent.com/images/TD6eYWwHzkpLwB0PyZRl5d6ZoeQ.png]
[framerusercontent.com/images/1lmwHIIh3PZ4fXeN3OqC0f82d1Y.png]
[framerusercontent.com/images/5MHyRrlwzTTThempeqtj1aqYE.jpg]
[www.blitzit.app/&apos;data_image/svg+xml;utf8,_svg xmlns=_http_/www.w3.org/2000/svg_ xmlns_xlink=_http_/www.w3.org/1999/xlink_ viewBox=_0 0 58 58___g__defs__linearGradient id=_idss98]
[www.blitzit.app/&apos;data_image/svg+xml;utf8,_svg xmlns=_http_/www.w3.org/2000/svg_ xmlns_xlink=_http_/www.w3.org/1999/xlink_ viewBox=_0 0 58 58___g__defs__linearGradient id=_idss89]
[framerusercontent.com/images/XX39lYE0hzQKQLNlHgYlAlngvwU.jpg]
[www.blitzit.app/&apos;data_image/svg+xml;utf8,_svg xmlns=_http_/www.w3.org/2000/svg_ xmlns_xlink=_http_/www.w3.org/1999/xlink_ viewBox=_0 0 5 13___path d=_M 2.5 1.839 L 2.5 11.173_ f]
[www.blitzit.app/&apos;data_image/svg+xml;utf8,_svg xmlns=_http_/www.w3.org/2000/svg_ xmlns_xlink=_http_/www.w3.org/1999/xlink_ viewBox=_0 0 13 5___path d=_M 1.833 2.506 L 11.166 2.50]
[framerusercontent.com/images/jIagZAWzSB3PX3Ec9gIJ3xDojRI.webp]
[framerusercontent.com/images/uzskxuvOcwY3XuLicC1rE3Pvg.png]
[framerusercontent.com/images/a6ikJ0A9zazhlFHYseXWMNv8mLU.webp]
[framerusercontent.com/images/YGfPJbqMTHulHrlN3LBzez5GP0o.png]
[framerusercontent.com/images/8x3GXZvM56SbZnf1xk4RKZbyIU.jpg]
[framerusercontent.com/images/T6qKn0sCDPHDvvJVRrL2xZ7jlhU.png]
[www.blitzit.app/&apos;data_image/svg+xml;utf8,_svg xmlns=_http_/www.w3.org/2000/svg_ xmlns_xlink=_http_/www.w3.org/1999/xlink_ viewBox=_0 0 25 24___g__defs__linearGradient id=_idss25]
[framerusercontent.com/images/wcoWmtyRPAvNVcNEbqdpQUbvyDs.png]
[framerusercontent.com/images/Ymcmsr4llUM8KO2iqRPOp1qGqMQ.jpg]
[www.blitzit.app/&apos;data_image/svg+xml;utf8,_svg xmlns=_http_/www.w3.org/2000/svg_ xmlns_xlink=_http_/www.w3.org/1999/xlink_ viewBox=_0 0 25 24___g__defs__linearGradient id=_idss32]
[framerusercontent.com/images/I2tAVOYjWcEGXpD7U0X5R8A5FU.jpg]
[framerusercontent.com/images/BOs9irpPyTw2cKDrcTseuuvQXg.jpg]
[www.blitzit.app/&apos;data_image/svg+xml;utf8,_svg xmlns=_http_/www.w3.org/2000/svg_ xmlns_xlink=_http_/www.w3.org/1999/xlink_ viewBox=_0 0 25 24___g__defs__linearGradient id=_idss47]
[framerusercontent.com/images/WlF63v6MqAo2htPdPNm5VHYWTbE.png]
[www.blitzit.app/&apos;data_image/svg+xml;utf8,_svg xmlns=_http_/www.w3.org/2000/svg_ xmlns_xlink=_http_/www.w3.org/1999/xlink_ viewBox=_0 0 25 24___g__defs__linearGradient id=_idss10]
[framerusercontent.com/images/3sC980eeoHjCFIKnTSRCo1lME.png]
[www.blitzit.app/&apos;data_image/svg+xml;utf8,_svg xmlns=_http_/www.w3.org/2000/svg_ xmlns_xlink=_http_/www.w3.org/1999/xlink_ viewBox=_0 0 7 10___path d=_M 1.499 9 L 5.499 4.999 L 1]
[framerusercontent.com/images/UglScQ59EUu8JcSSEeXRQunhg.png]
[framerusercontent.com/images/eliVLGUaCHlUB724LCdkquWuuic.jpg]
[framerusercontent.com/images/QeJGVyPlNL5UIsiA3gUKgfTSlgbf23.png]
[framerusercontent.com/images/xDB3KNQHDhb849B5WGqW2MUemy8.png]
[www.blitzit.app/&apos;data_image/svg+xml;utf8,_svg xmlns=_http_/www.w3.org/2000/svg_ xmlns_xlink=_http_/www.w3.org/1999/xlink_ viewBox=_0 0 28 16___g opacity=_0.3___defs__linearGradi]
[framerusercontent.com/images/Ye2H4vwRdiOpi2bOG4cfjtdIcuA.jpg]
[framerusercontent.com/images/7oJaloBCBO7AbIQCRXlFS98To0c.png]
[www.blitzit.app/terms-&-conditions.html]
[www.blitzit.app/index.html]
[www.blitzit.app/privacy-policy.html]
[fonts.gstatic.com/index.html]
[framerusercontent.com/sites/3IMKteN1GQ0roUwlfGKmcj/Svw0dmPbkqVUs10ajXDzul1qVFLtKJ8ooycDqPgepVs.IS2PCG5N.mjs]
[framerusercontent.com/sites/3IMKteN1GQ0roUwlfGKmcj/chunk-YURW7KWM.mjs]
[framerusercontent.com/sites/3IMKteN1GQ0roUwlfGKmcj/chunk-5ZVLPJLR.mjs]
[framerusercontent.com/sites/3IMKteN1GQ0roUwlfGKmcj/chunk-YOIV64HU.mjs]
[framerusercontent.com/sites/3IMKteN1GQ0roUwlfGKmcj/chunk-DQ7PUPG4.mjs]
[framerusercontent.com/sites/3IMKteN1GQ0roUwlfGKmcj/chunk-2ZHYQURP.mjs]
[framerusercontent.com/sites/3IMKteN1GQ0roUwlfGKmcj/chunk-IACBAHEL.mjs]
[www.blitzit.app/help-center/introduction-to-blitzit.html]
[www.blitzit.app/help-center/lists.html]
[www.blitzit.app/help-center/tasks.html]
[www.blitzit.app/help-center/blitz-mode-(focus-sessions).html]
[www.blitzit.app/help-center/timer-modes.html]
[www.blitzit.app/help-center/scheduling-task-reminders.html]
[www.blitzit.app/help-center/task-notes.html]
[www.blitzit.app/help-center/subtasks.html]
[www.blitzit.app/help-center/productivity-report.html]
[www.blitzit.app/help-center/time-spent.html]
[www.blitzit.app/help-center/google-calendar-integration.html]
[www.blitzit.app/help-center/notion-integration.html]
[www.blitzit.app/help-center/upcoming-integrations.html]
[www.blitzit.app/help-center/preferences.html]
[www.blitzit.app/help-center/account-billing.html]
[www.blitzit.app/help-center/troubleshooting.html]
[framerusercontent.com/images/1zgF1sIl84K5qA35sq0uirtUUhE.png]
[www.blitzit.app/changelog.html]
[framerusercontent.com/images/W94xe5HKzr5uR89cxWOlakpXY.png]
[framerusercontent.com/images/eQjknneJJe5kOBlekfqSV2Jx0M.png]
[framerusercontent.com/images/hDFd8RD1QivZv8Kgf2Ritn25muc.png]
[framerusercontent.com/images/i6hUJj0mqQmMhCiQ2qRDGHvh9k.png]
[framerusercontent.com/images/O6R4W82K8wpckp3TQndPMGCxks.png]
[framerusercontent.com/images/aglzniob47PzHXPKyhibZUNLopk.png]
[framerusercontent.com/images/5VCEFgLGPjZybPSQudchxMqHwvI.png]
[framerusercontent.com/images/JagDUsyzqmtJOBSoePNjJODEtDM.png]
[framerusercontent.com/images/OP5UUxkS0AAHRTYKyLQaBxdRvEU.png]
[framerusercontent.com/images/Prszec7tXBs6PZ22nAGgwlMuhA.png]
[www.blitzit.app/help-center/home.html]
[framerusercontent.com/sites/3IMKteN1GQ0roUwlfGKmcj/ipd3d32-txbF5Nu5Xw13ICOvHdJkmijalFEKOW1hTbs.5KV4GVLY.mjs]
[framerusercontent.com/sites/3IMKteN1GQ0roUwlfGKmcj/chunk-KUGSXSIP.mjs]
[framerusercontent.com/sites/3IMKteN1GQ0roUwlfGKmcj/chunk-POIAXYO6.mjs]
[framerusercontent.com/sites/3IMKteN1GQ0roUwlfGKmcj/chunk-O7IKQQOE.mjs]
[framerusercontent.com/images/XFhceUC8ukERcZ3fCeVbO0IpdE.jpg]
[framerusercontent.com/images/zPoEyCizgAZxMdbgDEl0EhEYa8.jpg]
[framerusercontent.com/images/HePPIe1HCjj1s8Pp6so01ylatK0.png]
[framerusercontent.com/images/idiDGiCwoudoev1WK9LIogn6LY.jpg]
[framerusercontent.com/images/R01Tld1GhplmG9TlbvJANBwfe8.png]
[framerusercontent.com/images/J21Gx80ANY3Wnl2vSjPIfQq4XY.jpg]
[www.blitzit.app/&apos;https_/framerusercontent.com/images/rR6HYXBrMmX4cRpXfXUOvpvpB0.93.delayed]
[framerusercontent.com/images/PH8HkMzTePsiFvBTcf2OV0hhD8.png]
[framerusercontent.com/images/cUGDVKIEXsMsmX4kdbYKbeiKo.jpg]
[framerusercontent.com/images/BJ7LFK9p2ma2XxxbKGjxh3BHzI.png]
[www.blitzit.app/partner-program.html]
[framerusercontent.com/sites/3IMKteN1GQ0roUwlfGKmcj/5U_vbMwGx4EfSBMPRd5IocDmivQCmh3HSOszatpHxbk.KAYKUIPD.mjs]
[framerusercontent.com/sites/3IMKteN1GQ0roUwlfGKmcj/chunk-GYCYYAN7.mjs]
[framerusercontent.com/sites/3IMKteN1GQ0roUwlfGKmcj/chunk-IMNY2HU3.mjs]
[framerusercontent.com/sites/3IMKteN1GQ0roUwlfGKmcj/chunk-DYDZYMHS.mjs]
[www.blitzit.app/blog/the-dopamine-effect-when-breaking-down-tasks-into-subtasks.html]
[framerusercontent.com/images/DYjxepMGSaIem6IjbgT6uHnfaobf23.jpg]
[framerusercontent.com/images/yGeEu0s2uPTxoXF41002NbyTtxM.png]
[www.blitzit.app/blog/small-steps-to-big-wins-the-two-minute-rule.html]
[framerusercontent.com/images/Z6fqJw5XigoqoJ4lDI9kCKut2Mbf23.jpg]
[framerusercontent.com/images/Im59oWlbQaZX4EfwTO21nPmfF3k.png]
[www.blitzit.app/blog/notion-s-new-calendar-app-redefining-productivity.html]
[framerusercontent.com/images/DTVGCBsKPCsByrhF7OCs6rpaiqobf23.png]
[www.blitzit.app/blog/the-pomodoro-technique-a-comprehensive-guide-to-boosting-productivity-and-learning.html]
[framerusercontent.com/images/PIIdT8mVTytM2B7uqhulej0UQnIbf23.jpg]
[www.blitzit.app/blog/how-to-have-the-most-productive-monday.html]
[framerusercontent.com/images/YRalgCFxNyUElwu8V0VimlAaUbf23.jpg]
[framerusercontent.com/images/y2sAIVX87Pcz1t6bqfDVkOy5WL0bf23.jpg]
[www.blitzit.app/blog/how-to-get-into-flow-state-top-tips-for-a-productive-2024.html]
[www.blitzit.app/blog/10-proven-time-management-strategies-for-2024.html]
[framerusercontent.com/images/ElnkLwCwgOaeNGorH369h7VVypAbf23.jpg]
[framerusercontent.com/images/7Lx2jP5A3SxHwYoCeqwGIgWZyj8bf23.jpg]
[www.blitzit.app/blog/the-ultimate-unwinding-guide-for-a-more-productive-tomorrow.html]
[www.blitzit.app/blog/how-to-achieve-more-in-2024-the-top-productivity-hacks-tips-and-tricks.html]
[framerusercontent.com/images/dXiHajWQYMM1kdtoVZaw9h6uN8bf23.jpg]
[framerusercontent.com/images/q6yVUuBaIE8ZOAfTZyysqYNDJs.jpg]
[www.blitzit.app/blog/2022-a-new-era-of-productivity.html]
[framerusercontent.com/images/JLev20IUf8FiK3M4QhyjWdQxp5Y.png]
[www.blitzit.app/blog.html]
[www.blitzit.app/&apos;data_image/svg+xml;utf8,_svg xmlns=_http_/www.w3.org/2000/svg_ xmlns_xlink=_http_/www.w3.org/1999/xlink_ viewBox=_0 0 7 5___path d=_M 2.375 2.334 L 5.041 2.334_]
[www.blitzit.app/&apos;data_image/svg+xml;utf8,_svg xmlns=_http_/www.w3.org/2000/svg_ xmlns_xlink=_http_/www.w3.org/1999/xlink_ viewBox=_0 0 4 7___path d=_M 1.708 2.001 L 1.708 4.668_]
[www.blitzit.app/&apos;data_image/svg+xml;utf8,_svg xmlns=_http_/www.w3.org/2000/svg_ xmlns_xlink=_http_/www.w3.org/1999/xlink_ viewBox=_0 0 5 4___path d=_M 2.375 2.001 L 2.382 2.001_]
[www.blitzit.app/&apos;data_image/svg+xml;utf8,_svg xmlns=_http_/www.w3.org/2000/svg_ xmlns_xlink=_http_/www.w3.org/1999/xlink_ viewBox=_0 0 5 4___path d=_M 2.375 1.667 L 2.382 1.667_]
[www.blitzit.app/&apos;data_image/svg+xml;utf8,_svg xmlns=_http_/www.w3.org/2000/svg_ xmlns_xlink=_http_/www.w3.org/1999/xlink_ viewBox=_0 0 10 14___path d=_M 1.708 1.667 L 8.375 7.00]
[www.blitzit.app/&apos;data_image/svg+xml;utf8,_svg xmlns=_http_/www.w3.org/2000/svg_ xmlns_xlink=_http_/www.w3.org/1999/xlink_ viewBox=_0 0 4 14___path d=_M 2.042 2.334 L 2.042 11.66]
[www.blitzit.app/&apos;data_image/svg+xml;utf8,_svg xmlns=_http_/www.w3.org/2000/svg_ xmlns_xlink=_http_/www.w3.org/1999/xlink_ viewBox=_0 0 12 18___g id=_ss2314348197_1___path d=_M 8]
[www.blitzit.app/&apos;data_image/svg+xml;utf8,_svg xmlns=_http_/www.w3.org/2000/svg_ xmlns_xlink=_http_/www.w3.org/1999/xlink_ viewBox=_0 0 16 13___path d=_M 2.665 1 L 13.333 1 C 14]
[www.blitzit.app/&apos;data_image/svg+xml;utf8,_svg xmlns=_http_/www.w3.org/2000/svg_ xmlns_xlink=_http_/www.w3.org/1999/xlink_ viewBox=_0 0 16 7___path d=_M 14.667 1.333 L 7.999 6 L]
[www.blitzit.app/&apos;data_image/svg+xml;utf8,_svg xmlns=_http_/www.w3.org/2000/svg_ xmlns_xlink=_http_/www.w3.org/1999/xlink_ viewBox=_0 0 11 12___path d=_M 1.666 9.001 C 1.952 9.38]
[www.blitzit.app/&apos;data_image/svg+xml;utf8,_svg xmlns=_http_/www.w3.org/2000/svg_ xmlns_xlink=_http_/www.w3.org/1999/xlink_ viewBox=_0 0 11 11___path d=_M 9.333 2.667 C 9.047 2.28]
[www.blitzit.app/&apos;data_image/svg+xml;utf8,_svg xmlns=_http_/www.w3.org/2000/svg_ xmlns_xlink=_http_/www.w3.org/1999/xlink_ viewBox=_0 0 11 4___path d=_M 1.667 2.003 L 9 2.003_ fi]
[www.blitzit.app/&apos;data_image/svg+xml;utf8,_svg xmlns=_http_/www.w3.org/2000/svg_ xmlns_xlink=_http_/www.w3.org/1999/xlink_ viewBox=_0 0 4 5___path d=_M 1.667 1.003 L 2.334 1.003]
[www.blitzit.app/&apos;data_image/svg+xml;utf8,_svg xmlns=_http_/www.w3.org/2000/svg_ xmlns_xlink=_http_/www.w3.org/1999/xlink_ viewBox=_0 0 5 4___path d=_M 1.667 1.67 L 3 1.67_ fill=]
[www.blitzit.app/&apos;data_image/svg+xml;utf8,_svg xmlns=_http_/www.w3.org/2000/svg_ xmlns_xlink=_http_/www.w3.org/1999/xlink_ viewBox=_0 0 4 6___path d=_M 3 4.003 L 1.667 4.003 C 1]
[www.blitzit.app/&apos;data_image/svg+xml;utf8,_svg xmlns=_http_/www.w3.org/2000/svg_ xmlns_xlink=_http_/www.w3.org/1999/xlink_ viewBox=_0 0 6 10___path d=_M 1 1.67 L 4.333 5.003 L 1]
[www.blitzit.app/&apos;data_image/svg+xml;utf8,_svg xmlns=_http_/www.w3.org/2000/svg_ xmlns_xlink=_http_/www.w3.org/1999/xlink_ viewBox=_0 0 14 11___path d=_M 1.667 1.67 L 1.667 6.336]
[www.blitzit.app/&apos;data_image/svg+xml;utf8,_svg xmlns=_http_/www.w3.org/2000/svg_ xmlns_xlink=_http_/www.w3.org/1999/xlink_ viewBox=_0 0 169 170___path d=_M 169.001 84.579 C 169.0]
[www.blitzit.app/&apos;data_image/svg+xml;utf8,_svg xmlns=_http_/www.w3.org/2000/svg_ xmlns_xlink=_http_/www.w3.org/1999/xlink_ viewBox=_0 0 58 58___g__defs__linearGradient id=_idss98]
[www.blitzit.app/&apos;data_image/svg+xml;utf8,_svg xmlns=_http_/www.w3.org/2000/svg_ xmlns_xlink=_http_/www.w3.org/1999/xlink_ viewBox=_0 0 58 58___g__defs__linearGradient id=_idss89]
[www.blitzit.app/&apos;data_image/svg+xml;utf8,_svg xmlns=_http_/www.w3.org/2000/svg_ xmlns_xlink=_http_/www.w3.org/1999/xlink_ viewBox=_0 0 5 13___path d=_M 2.5 1.839 L 2.5 11.173_ f]
[www.blitzit.app/&apos;data_image/svg+xml;utf8,_svg xmlns=_http_/www.w3.org/2000/svg_ xmlns_xlink=_http_/www.w3.org/1999/xlink_ viewBox=_0 0 13 5___path d=_M 1.833 2.506 L 11.166 2.50]
[www.blitzit.app/&apos;data_image/svg+xml;utf8,_svg xmlns=_http_/www.w3.org/2000/svg_ xmlns_xlink=_http_/www.w3.org/1999/xlink_ viewBox=_0 0 25 24___g__defs__linearGradient id=_idss25]
[www.blitzit.app/&apos;data_image/svg+xml;utf8,_svg xmlns=_http_/www.w3.org/2000/svg_ xmlns_xlink=_http_/www.w3.org/1999/xlink_ viewBox=_0 0 25 24___g__defs__linearGradient id=_idss32]
[www.blitzit.app/&apos;data_image/svg+xml;utf8,_svg xmlns=_http_/www.w3.org/2000/svg_ xmlns_xlink=_http_/www.w3.org/1999/xlink_ viewBox=_0 0 25 24___g__defs__linearGradient id=_idss47]
[www.blitzit.app/&apos;data_image/svg+xml;utf8,_svg xmlns=_http_/www.w3.org/2000/svg_ xmlns_xlink=_http_/www.w3.org/1999/xlink_ viewBox=_0 0 25 24___g__defs__linearGradient id=_idss10]
[www.blitzit.app/&apos;data_image/svg+xml;utf8,_svg xmlns=_http_/www.w3.org/2000/svg_ xmlns_xlink=_http_/www.w3.org/1999/xlink_ viewBox=_0 0 7 10___path d=_M 1.499 9 L 5.499 4.999 L 1]
[www.blitzit.app/&apos;data_image/svg+xml;utf8,_svg xmlns=_http_/www.w3.org/2000/svg_ xmlns_xlink=_http_/www.w3.org/1999/xlink_ viewBox=_0 0 28 16___g opacity=_0.3___defs__linearGradi]
[framerusercontent.com/sites/3IMKteN1GQ0roUwlfGKmcj/rvGWwF1h6Sxn9QNqQyfKE2zIC_lHGBkmoFO_fK59Lvc.FRR36YIH.mjs]
[www.blitzit.app/terms-&-conditions.html]
[framerusercontent.com/sites/3IMKteN1GQ0roUwlfGKmcj/chunk-OKCZ7QCV.mjs]
[framerusercontent.com/sites/3IMKteN1GQ0roUwlfGKmcj/Fbz-HR7kTUEKwjVpHTZzHGUjb_YpXLnjSCGAguTcuQg.2KYJQFBT.mjs]
[framerusercontent.com/sites/3IMKteN1GQ0roUwlfGKmcj/chunk-UKBIKNAU.mjs]
[framerusercontent.com/sites/3IMKteN1GQ0roUwlfGKmcj/chunk-C4IRATM6.mjs]
[www.blitzit.app/privacy-policy.html]
[framerusercontent.com/images/DnjcZ45BxmDpRtdAhKU1Bblo.png]
[framerusercontent.com/images/12sbFsBwOzx3kaz8PmwAQ1Qe5YA.png]
[www.blitzit.app/help-center/introduction-to-blitzit.html]
[framerusercontent.com/images/DjH9FVBzCOKHjEZAQS1NpGuorM.png]
[framerusercontent.com/images/Za2chQiQ4by6nGRVoH4Yh4az0.png]
[framerusercontent.com/images/DNfRInKrA20di6Wj6JO6AcBAlys.png]
[www.blitzit.app/help-center/lists.html]
[framerusercontent.com/images/A0eMSdTVQIdeQTPT81tu6tXUjw.png]
[framerusercontent.com/images/20JsdVyrXSnQ9u1Pm1lqj9xRSJQ.png]
[framerusercontent.com/images/IYs1yvCNllV7hNJFr37YhVyoc0.png]
[www.blitzit.app/help-center/tasks.html]
[framerusercontent.com/images/j9hEBVlSNGRM0cSUFl7cebecg.png]
[framerusercontent.com/images/PmeGbxOJRcDV1dVOcXrMAiwvw.png]
[framerusercontent.com/images/CwxlTCSfz9VGphjtXJadB9O4Zzw.png]
[framerusercontent.com/images/o495YlD8IGQittZN7shq2Qnkjgc.png]
[www.blitzit.app/help-center/blitz-mode-(focus-sessions).html]
[www.blitzit.app/help-center/timer-modes.html]
[framerusercontent.com/images/OLHBBKaX2favJRwMx7HbNxujes.png]
[framerusercontent.com/images/1LHNYXJRXrkdJaFemsz85Wt3yeo.png]
[framerusercontent.com/images/JTtEepSacGObloMxzzoD1Uc.png]
[framerusercontent.com/images/E8winG1Q7zGiAFVZM9GQJZHuc.png]
[framerusercontent.com/images/z3DJZXgL9IvKd4WHy85Bdd90ZLw.png]
[www.blitzit.app/help-center/scheduling-task-reminders.html]
[framerusercontent.com/images/gnhxBbkIisnJUaJc9xPKbynA.png]
[framerusercontent.com/images/CRexOs0FutrUnEDN6pe96UWMFBM.png]
[www.blitzit.app/help-center/task-notes.html]
[framerusercontent.com/images/ylvmBzLde4vJhCwjGlUB0VsiC2A.png]
[framerusercontent.com/images/z9VdxDhqqO2Fbc8eioZFAS4dgI.png]
[framerusercontent.com/images/QvzRYgKAEh6ZaFgceslCSmd94.png]
[framerusercontent.com/images/8wi7yg5BwDLP74I6QBLq0IlXE8s.png]
[framerusercontent.com/images/KYE1LcJjWOzKSZnSYNA6zNyGSs.png]
[framerusercontent.com/images/V9JuQ50Oj0wix00XgkHOOpp0.png]
[www.blitzit.app/help-center/subtasks.html]
[framerusercontent.com/images/xSY8wQs1tN0pyxOLp4PvMhUPosM.png]
[framerusercontent.com/images/K9MV47FllNuJU2cpyYItYw2e1DQ.png]
[framerusercontent.com/images/Ti6EJrNtaYAUQ14cwKE7u4taHw.png]
[framerusercontent.com/images/shDI1a8q2dlaUl9lFDc0jtyZoVI.png]
[www.blitzit.app/help-center/productivity-report.html]
[framerusercontent.com/images/yAONQbruHD2uQKvylYbpyfJRiX0.png]
[framerusercontent.com/images/Sxgz1A0jWhEd2JIIjWh3TN4L8vo.png]
[framerusercontent.com/images/4ifKhozkkzrFMUSWqrfwliWyzXM.png]
[www.blitzit.app/help-center/time-spent.html]
[www.blitzit.app/help-center/google-calendar-integration.html]
[www.blitzit.app/help-center/notion-integration.html]
[www.blitzit.app/help-center/upcoming-integrations.html]
[framerusercontent.com/images/VydiVSvDdboPnWaHBcYUE3PpYTk.png]
[framerusercontent.com/images/nqcaGP6yHLJofjZXxtH1cHTG90Q.png]
[framerusercontent.com/images/jA5m0lLF6gzOU9W23ZaHTUqao.png]
[framerusercontent.com/images/jswwvJ6OaR0CpmO9HgKN2UWOmo.png]
[framerusercontent.com/images/kRie6ehi9W4xdzBdZJW0qqP5I.png]
[framerusercontent.com/images/LsKapZzTc459kbKdqU8E3Yo8Oqk.png]
[www.blitzit.app/help-center/preferences.html]
[framerusercontent.com/images/0RRjJtg0hRPZp9Ah99OiEULsTvw.png]
[framerusercontent.com/images/9SLqCXjIrDGf52kGfOdHQYqubmw.png]
[framerusercontent.com/images/Ut2lNsIZ6PK4K9ZWd10QReitK8U.png]
[www.blitzit.app/help-center/account-billing.html]
[framerusercontent.com/images/baUelTJnyv0gScSvvNNOIBSxNg.png]
[framerusercontent.com/images/iOsWK66e78d5xObUmw0LJPxeZY.png]
[www.blitzit.app/help-center/troubleshooting.html]
[framerusercontent.com/sites/3IMKteN1GQ0roUwlfGKmcj/zZLBEv0V4CEY54QGS07WeZdEqRa4TnRxypziwl2lwV4.UV7X7UPB.mjs]
[framerusercontent.com/sites/3IMKteN1GQ0roUwlfGKmcj/chunk-OFHLN77T.mjs]
[framerusercontent.com/sites/3IMKteN1GQ0roUwlfGKmcj/chunk-EK7EAX7Q.mjs]
[www.blitzit.app/changelog.html]
[www.blitzit.app/&apos;https_/framerusercontent.com/images/rR6HYXBrMmX4cRpXfXUOvpvpB0.html]
[framerusercontent.com/sites/3IMKteN1GQ0roUwlfGKmcj/chunk-SDJGRV4B.mjs]
[framerusercontent.com/sites/3IMKteN1GQ0roUwlfGKmcj/TliuwYZQ4FFySx5ubEvfzkKAIyyxqhR2L7GSxIxv2Oo.7MAWQJF3.mjs]
[framerusercontent.com/sites/3IMKteN1GQ0roUwlfGKmcj/chunk-AK42Z627.mjs]
[framerusercontent.com/images/yX0xdVmnG9O8whucyLkzn7wR18.png]
[www.blitzit.app/blog/the-dopamine-effect-when-breaking-down-tasks-into-subtasks.html]
[www.blitzit.app/404.html]
[framerusercontent.com/images/LvMnFKVMoB8JGybftGlTvGo95g.png]
[framerusercontent.com/images/CRSLR5yc2nSxfon1YgByXjDSjA.png]
[framerusercontent.com/images/NKMHnmjwWzhTzM7MkyXE5uzKgJE.png]
[framerusercontent.com/images/L3bvKU0pf8KOU7nIwsgRBdKWkUc.png]
[framerusercontent.com/images/4Toyk1xwKQ61YilDxNOod0oD1Y.png]
[framerusercontent.com/images/Sah2xdXJjrUQfIkR8t7W6O8U0s.png]
[framerusercontent.com/images/E0VNvJjrcblTgxPoEqsJYNw0Y.png]
[framerusercontent.com/images/UTZWn7sxSHus6euVHdBfSsMnSY.png]
[framerusercontent.com/images/97OiEi3EM5UZyoior7lJ59KNM.png]
[www.blitzit.app/blog/small-steps-to-big-wins-the-two-minute-rule.html]
[framerusercontent.com/images/ppO5V3J5ZuJbEmIB6Zu9kYsoTo.png]
[framerusercontent.com/images/v02MtuGk0B9bT5Rtj8roTNlhnE.png]
[framerusercontent.com/images/AxWna6ydNTT7xRoAooJYrhxkwN4.png]
[www.blitzit.app/blog/notion-s-new-calendar-app-redefining-productivity.html]
[framerusercontent.com/images/tuJOWGrVSOfXlnqQ3W5m5y3xFbQ.png]
[framerusercontent.com/images/xRx8HJtCMwMBnBlULR3od3YW1lA.png]
[framerusercontent.com/images/xIs8HerMwAB1D21yzyoRPqf5yc.png]
[framerusercontent.com/images/dsWaVrKEDpS30hxgYIl05o14M.png]
[framerusercontent.com/images/202irTeoYirGFJFbiL7u3n8o3ew.png]
[framerusercontent.com/images/6v2EHiWaMqHSdfnEXnEYWvhq1fc.png]
[framerusercontent.com/images/lf5fpvoEB3J806ooI2VK5CnoM.png]
[framerusercontent.com/images/JxgcDkDLk0rCWfKj53vQa66k0w.png]
[framerusercontent.com/images/0i873iYE93APXpeq72sFpVJiFjE.png]
[framerusercontent.com/images/jHz2zwfbjvnqBZ5kYaf1nZPE7U.png]
[framerusercontent.com/images/l4pyaQFrHfvELu8zt9HpmzOXNY.png]
[www.blitzit.app/blog/the-pomodoro-technique-a-comprehensive-guide-to-boosting-productivity-and-learning.html]
[www.blitzit.app/blog/how-to-have-the-most-productive-monday.html]
[framerusercontent.com/images/d0TL2571BZNkIMfzhWYVhUtQs.png]
[framerusercontent.com/images/UtejONsjtmQVBQG8YtAvNPct5FM.png]
[www.blitzit.app/blog/how-to-get-into-flow-state-top-tips-for-a-productive-2024.html]
[framerusercontent.com/images/N1tVIY6w5zsszsGVvqAzreC3WLM.png]
[framerusercontent.com/images/buhqwCw0XBbFgmlboTH6cpdQQ.png]
[framerusercontent.com/images/M0zzVmBe03w23olCjJmIfqd5kew.png]
[framerusercontent.com/images/r0L4llY9KF1dZvSTYgkduuR501M.png]
[www.blitzit.app/blog/10-proven-time-management-strategies-for-2024.html]
[www.blitzit.app/blog/the-ultimate-unwinding-guide-for-a-more-productive-tomorrow.html]
[framerusercontent.com/images/Rjvq2V0gc4kRzMYuA0Wf6efXRgI.png]
[www.blitzit.app/blog/how-to-achieve-more-in-2024-the-top-productivity-hacks-tips-and-tricks.html]
[framerusercontent.com/images/RFMLtrsuAc5G1XHGkaIHZOck.png]
[framerusercontent.com/images/ebZluiJHZ7XRVC5P2Ara8GIM.png]
[framerusercontent.com/images/JIexacjdKGIVkeEQQOHvpLWoCc.png]
[framerusercontent.com/images/5Fp1IF5ARl8b3NrgI00VRhBKo.png]
[www.blitzit.app/blog/2022-a-new-era-of-productivity.html]
[framerusercontent.com/sites/3IMKteN1GQ0roUwlfGKmcj/y0p3BlC4Oi3rZTaj-AJOiidiGgUZAukGTc-LHqY4vHw.6RQPXDFC.mjs]
[framerusercontent.com/sites/3IMKteN1GQ0roUwlfGKmcj/chunk-QUGFOM3U.mjs]
[www.blitzit.app/404.html]
[framerusercontent.com/images/hVlm992U00ugOFzHzwxoTbetfM.png]
[framerusercontent.com/sites/3IMKteN1GQ0roUwlfGKmcj/chunk-5EHPG3GG.mjs]
[framerusercontent.com/sites/3IMKteN1GQ0roUwlfGKmcj/l-hD-KrzzvklJt7yLHQYV0UG0WB2m-PiIlYaaFTFobY.QQ32QJUR.mjs]
[framerusercontent.com/sites/3IMKteN1GQ0roUwlfGKmcj/chunk-PBDTBQES.mjs]
[framerusercontent.com/sites/3IMKteN1GQ0roUwlfGKmcj/chunk-IRQ2S6SG.mjs]
[www.blitzit.app/a.10e.delayed]
[framerusercontent.com/sites/3IMKteN1GQ0roUwlfGKmcj/chunk-2ELOA5OQ.mjs]
[framerusercontent.com/sites/3IMKteN1GQ0roUwlfGKmcj/chunk-3B4X5CZ3.mjs]
[framerusercontent.com/sites/3IMKteN1GQ0roUwlfGKmcj/chunk-WJJFM56X.mjs]
[framerusercontent.com/sites/3IMKteN1GQ0roUwlfGKmcj/chunk-ZZ5YZNG7.mjs]
[framerusercontent.com/sites/3IMKteN1GQ0roUwlfGKmcj/chunk-2JPSZPPY.mjs]
[framerusercontent.com/sites/3IMKteN1GQ0roUwlfGKmcj/chunk-XP34H2JF.mjs]
[framerusercontent.com/sites/3IMKteN1GQ0roUwlfGKmcj/chunk-C5LCHGBL.mjs]
[www.blitzit.app/POST.10f.delayed]
[framerusercontent.com/sites/3IMKteN1GQ0roUwlfGKmcj/chunk-LOKWCPDX.mjs]
[framerusercontent.com/sites/3IMKteN1GQ0roUwlfGKmcj/chunk-EVAMH3AX.mjs]
[framerusercontent.com/sites/3IMKteN1GQ0roUwlfGKmcj/chunk-OIE5PZK3.mjs]
[framerusercontent.com/sites/3IMKteN1GQ0roUwlfGKmcj/chunk-GYKVJC7H.mjs]
[framerusercontent.com/sites/3IMKteN1GQ0roUwlfGKmcj/chunk-32AJPJT2.mjs]
[framerusercontent.com/sites/3IMKteN1GQ0roUwlfGKmcj/chunk-2ABLVPXD.mjs]
[framerusercontent.com/sites/3IMKteN1GQ0roUwlfGKmcj/chunk-XHEVGAWF.mjs]
[www.blitzit.app/b.110.delayed]
[framerusercontent.com/sites/3IMKteN1GQ0roUwlfGKmcj/chunk-2HTEB2GM.mjs]
[framerusercontent.com/sites/3IMKteN1GQ0roUwlfGKmcj/chunk-ZZXR7HSS.mjs]
[framerusercontent.com/sites/3IMKteN1GQ0roUwlfGKmcj/chunk-O3EMSAYH.mjs]
[framerusercontent.com/sites/3IMKteN1GQ0roUwlfGKmcj/chunk-2GNAUHKR.mjs]
[framerusercontent.com/images/LSuDF1nElvH56n9eKRlJ25scbIo.png]
[framerusercontent.com/images/NEzUams6DrYZ4137kz0kA2P7U.jpg]
[www.blitzit.app/signals/iwl.111.delayed]
[connect.facebook.net/en_US/fbevents.js]
[framerusercontent.com/images/4BEe4YSh86k7zdBwzjJbA0iYBoQ.png]
[framerusercontent.com/images/7yPXqgN5zVMqDPAdumH2nNHEqA17f5.png]
[framerusercontent.com/images/6f2PNopNgI4r0uuD3Qy0OHaIo17f5.png]
[framerusercontent.com/images/2ChZ89dN5i5K8Ptq1N0NSfZ0Ebf23.png]
[framerusercontent.com/images/OzzHtoBSeYL521SlpEXx9eHjdEbf23.png]
[framerusercontent.com/images/0y5aFbUwpkdQRaHuHBR4boIttM17f5.png]
[framerusercontent.com/images/71D8HwM9uro3D7lVuMYdcwjjP4Q.png]
[framerusercontent.com/images/WE36rVD9UbKAgYZKC41YUs4PKpE17f5.png]
[framerusercontent.com/images/q7y0ZjAlnM9R9dJuo20OtPSTkQbf23.png]
[framerusercontent.com/images/S30A4EfRuCSEDmU4QM0cTNdjp0.jpg]
[framerusercontent.com/images/Ev5WadmW4zyn4acFgN2k6Q4rjU.png]
[framerusercontent.com/images/FYWfNnKhsHfXSivAWNyBp3vu6JI.jpg]
[framerusercontent.com/images/GKSgoUxmZVGOFFfQAm4DTHl4Dks.jpg]
[framerusercontent.com/images/RkLf9p9z7B04lZvKZBoYc0Gcjg.png]
[framerusercontent.com/images/S4LE9Wv2WWiatSe6xzYP5xfqViQ.png]
[framerusercontent.com/images/TD6eYWwHzkpLwB0PyZRl5d6ZoeQ.png]
[framerusercontent.com/images/1lmwHIIh3PZ4fXeN3OqC0f82d1Y.png]
[framerusercontent.com/images/XX39lYE0hzQKQLNlHgYlAlngvwU.jpg]
[framerusercontent.com/images/5MHyRrlwzTTThempeqtj1aqYE.jpg]
[framerusercontent.com/images/jIagZAWzSB3PX3Ec9gIJ3xDojRI.webp]
[framerusercontent.com/images/a6ikJ0A9zazhlFHYseXWMNv8mLU.webp]
[framerusercontent.com/images/uzskxuvOcwY3XuLicC1rE3Pvg.png]
[framerusercontent.com/images/YGfPJbqMTHulHrlN3LBzez5GP0o.png]
[framerusercontent.com/images/8x3GXZvM56SbZnf1xk4RKZbyIU.jpg]
[framerusercontent.com/images/T6qKn0sCDPHDvvJVRrL2xZ7jlhU.png]
[framerusercontent.com/images/wcoWmtyRPAvNVcNEbqdpQUbvyDs.png]
[framerusercontent.com/images/I2tAVOYjWcEGXpD7U0X5R8A5FU.jpg]
[framerusercontent.com/images/Ymcmsr4llUM8KO2iqRPOp1qGqMQ.jpg]
[framerusercontent.com/images/BOs9irpPyTw2cKDrcTseuuvQXg.jpg]
[framerusercontent.com/images/WlF63v6MqAo2htPdPNm5VHYWTbE.png]
[framerusercontent.com/images/3sC980eeoHjCFIKnTSRCo1lME.png]
[framerusercontent.com/images/eliVLGUaCHlUB724LCdkquWuuic.jpg]
[framerusercontent.com/images/UglScQ59EUu8JcSSEeXRQunhg.png]
[framerusercontent.com/images/QeJGVyPlNL5UIsiA3gUKgfTSlgbf23.png]
[framerusercontent.com/images/Ye2H4vwRdiOpi2bOG4cfjtdIcuA.jpg]
[framerusercontent.com/images/xDB3KNQHDhb849B5WGqW2MUemy8.png]
[framerusercontent.com/images/7oJaloBCBO7AbIQCRXlFS98To0c.png]
[framerusercontent.com/sites/3IMKteN1GQ0roUwlfGKmcj/Svw0dmPbkqVUs10ajXDzul1qVFLtKJ8ooycDqPgepVs.IS2PCG5N.mjs]
[framerusercontent.com/sites/3IMKteN1GQ0roUwlfGKmcj/chunk-YURW7KWM.mjs]
[framerusercontent.com/sites/3IMKteN1GQ0roUwlfGKmcj/chunk-5ZVLPJLR.mjs]
[framerusercontent.com/sites/3IMKteN1GQ0roUwlfGKmcj/chunk-YOIV64HU.mjs]
[framerusercontent.com/sites/3IMKteN1GQ0roUwlfGKmcj/chunk-DQ7PUPG4.mjs]
[framerusercontent.com/sites/3IMKteN1GQ0roUwlfGKmcj/chunk-2ZHYQURP.mjs]
[framerusercontent.com/sites/3IMKteN1GQ0roUwlfGKmcj/chunk-IACBAHEL.mjs]
[framerusercontent.com/images/1zgF1sIl84K5qA35sq0uirtUUhE.png]
[framerusercontent.com/images/W94xe5HKzr5uR89cxWOlakpXY.png]
[framerusercontent.com/images/eQjknneJJe5kOBlekfqSV2Jx0M.png]
[framerusercontent.com/images/hDFd8RD1QivZv8Kgf2Ritn25muc.png]
[framerusercontent.com/images/i6hUJj0mqQmMhCiQ2qRDGHvh9k.png]
[framerusercontent.com/images/O6R4W82K8wpckp3TQndPMGCxks.png]
[framerusercontent.com/images/aglzniob47PzHXPKyhibZUNLopk.png]
[framerusercontent.com/images/5VCEFgLGPjZybPSQudchxMqHwvI.png]
[framerusercontent.com/images/JagDUsyzqmtJOBSoePNjJODEtDM.png]
[framerusercontent.com/images/OP5UUxkS0AAHRTYKyLQaBxdRvEU.png]
[framerusercontent.com/images/Prszec7tXBs6PZ22nAGgwlMuhA.png]
[framerusercontent.com/sites/3IMKteN1GQ0roUwlfGKmcj/ipd3d32-txbF5Nu5Xw13ICOvHdJkmijalFEKOW1hTbs.5KV4GVLY.mjs]
[framerusercontent.com/sites/3IMKteN1GQ0roUwlfGKmcj/chunk-POIAXYO6.mjs]
[framerusercontent.com/sites/3IMKteN1GQ0roUwlfGKmcj/chunk-O7IKQQOE.mjs]
[framerusercontent.com/images/XFhceUC8ukERcZ3fCeVbO0IpdE.jpg]
[framerusercontent.com/images/zPoEyCizgAZxMdbgDEl0EhEYa8.jpg]
[framerusercontent.com/images/HePPIe1HCjj1s8Pp6so01ylatK0.png]
[framerusercontent.com/images/idiDGiCwoudoev1WK9LIogn6LY.jpg]
[framerusercontent.com/images/R01Tld1GhplmG9TlbvJANBwfe8.png]
[framerusercontent.com/images/J21Gx80ANY3Wnl2vSjPIfQq4XY.jpg]
[framerusercontent.com/images/PH8HkMzTePsiFvBTcf2OV0hhD8.png]
[framerusercontent.com/images/cUGDVKIEXsMsmX4kdbYKbeiKo.jpg]
[framerusercontent.com/images/BJ7LFK9p2ma2XxxbKGjxh3BHzI.png]
[framerusercontent.com/sites/3IMKteN1GQ0roUwlfGKmcj/5U_vbMwGx4EfSBMPRd5IocDmivQCmh3HSOszatpHxbk.KAYKUIPD.mjs]
[framerusercontent.com/sites/3IMKteN1GQ0roUwlfGKmcj/chunk-GYCYYAN7.mjs]
[framerusercontent.com/sites/3IMKteN1GQ0roUwlfGKmcj/chunk-IMNY2HU3.mjs]
[framerusercontent.com/images/DYjxepMGSaIem6IjbgT6uHnfaobf23.jpg]
[framerusercontent.com/sites/3IMKteN1GQ0roUwlfGKmcj/chunk-DYDZYMHS.mjs]
[framerusercontent.com/images/yGeEu0s2uPTxoXF41002NbyTtxM.png]
[framerusercontent.com/images/Z6fqJw5XigoqoJ4lDI9kCKut2Mbf23.jpg]
[framerusercontent.com/images/Im59oWlbQaZX4EfwTO21nPmfF3k.png]
[framerusercontent.com/images/DTVGCBsKPCsByrhF7OCs6rpaiqobf23.png]
[framerusercontent.com/images/PIIdT8mVTytM2B7uqhulej0UQnIbf23.jpg]
[framerusercontent.com/images/YRalgCFxNyUElwu8V0VimlAaUbf23.jpg]
[framerusercontent.com/images/y2sAIVX87Pcz1t6bqfDVkOy5WL0bf23.jpg]
[framerusercontent.com/images/ElnkLwCwgOaeNGorH369h7VVypAbf23.jpg]
[framerusercontent.com/images/7Lx2jP5A3SxHwYoCeqwGIgWZyj8bf23.jpg]
[framerusercontent.com/images/dXiHajWQYMM1kdtoVZaw9h6uN8bf23.jpg]
[framerusercontent.com/images/q6yVUuBaIE8ZOAfTZyysqYNDJs.jpg]
[framerusercontent.com/images/JLev20IUf8FiK3M4QhyjWdQxp5Y.png]
[framerusercontent.com/sites/3IMKteN1GQ0roUwlfGKmcj/rvGWwF1h6Sxn9QNqQyfKE2zIC_lHGBkmoFO_fK59Lvc.FRR36YIH.mjs]
[framerusercontent.com/sites/3IMKteN1GQ0roUwlfGKmcj/chunk-OKCZ7QCV.mjs]
[framerusercontent.com/sites/3IMKteN1GQ0roUwlfGKmcj/Fbz-HR7kTUEKwjVpHTZzHGUjb_YpXLnjSCGAguTcuQg.2KYJQFBT.mjs]
[framerusercontent.com/images/DnjcZ45BxmDpRtdAhKU1Bblo.png]
[framerusercontent.com/sites/3IMKteN1GQ0roUwlfGKmcj/chunk-UKBIKNAU.mjs]
[framerusercontent.com/images/12sbFsBwOzx3kaz8PmwAQ1Qe5YA.png]
[framerusercontent.com/images/DjH9FVBzCOKHjEZAQS1NpGuorM.png]
[framerusercontent.com/images/Za2chQiQ4by6nGRVoH4Yh4az0.png]
[framerusercontent.com/images/DNfRInKrA20di6Wj6JO6AcBAlys.png]
[framerusercontent.com/images/A0eMSdTVQIdeQTPT81tu6tXUjw.png]
[framerusercontent.com/images/IYs1yvCNllV7hNJFr37YhVyoc0.png]
[framerusercontent.com/images/20JsdVyrXSnQ9u1Pm1lqj9xRSJQ.png]
[framerusercontent.com/images/j9hEBVlSNGRM0cSUFl7cebecg.png]
[framerusercontent.com/images/CwxlTCSfz9VGphjtXJadB9O4Zzw.png]
[framerusercontent.com/images/PmeGbxOJRcDV1dVOcXrMAiwvw.png]
[framerusercontent.com/images/o495YlD8IGQittZN7shq2Qnkjgc.png]
[framerusercontent.com/images/OLHBBKaX2favJRwMx7HbNxujes.png]
[framerusercontent.com/images/1LHNYXJRXrkdJaFemsz85Wt3yeo.png]
[framerusercontent.com/images/JTtEepSacGObloMxzzoD1Uc.png]
[framerusercontent.com/images/E8winG1Q7zGiAFVZM9GQJZHuc.png]
[framerusercontent.com/images/z3DJZXgL9IvKd4WHy85Bdd90ZLw.png]
[framerusercontent.com/images/CRexOs0FutrUnEDN6pe96UWMFBM.png]
[framerusercontent.com/images/gnhxBbkIisnJUaJc9xPKbynA.png]
[framerusercontent.com/images/ylvmBzLde4vJhCwjGlUB0VsiC2A.png]
[framerusercontent.com/images/z9VdxDhqqO2Fbc8eioZFAS4dgI.png]
[framerusercontent.com/images/QvzRYgKAEh6ZaFgceslCSmd94.png]
[framerusercontent.com/images/8wi7yg5BwDLP74I6QBLq0IlXE8s.png]
[framerusercontent.com/images/KYE1LcJjWOzKSZnSYNA6zNyGSs.png]
[framerusercontent.com/images/V9JuQ50Oj0wix00XgkHOOpp0.png]
[framerusercontent.com/images/xSY8wQs1tN0pyxOLp4PvMhUPosM.png]
[framerusercontent.com/images/K9MV47FllNuJU2cpyYItYw2e1DQ.png]
[framerusercontent.com/images/Ti6EJrNtaYAUQ14cwKE7u4taHw.png]
[framerusercontent.com/images/shDI1a8q2dlaUl9lFDc0jtyZoVI.png]
[framerusercontent.com/images/yAONQbruHD2uQKvylYbpyfJRiX0.png]
[framerusercontent.com/images/Sxgz1A0jWhEd2JIIjWh3TN4L8vo.png]
[framerusercontent.com/images/4ifKhozkkzrFMUSWqrfwliWyzXM.png]
[framerusercontent.com/images/VydiVSvDdboPnWaHBcYUE3PpYTk.png]
[framerusercontent.com/images/nqcaGP6yHLJofjZXxtH1cHTG90Q.png]
[framerusercontent.com/images/jA5m0lLF6gzOU9W23ZaHTUqao.png]
[framerusercontent.com/images/jswwvJ6OaR0CpmO9HgKN2UWOmo.png]
[framerusercontent.com/images/kRie6ehi9W4xdzBdZJW0qqP5I.png]
[www.blitzit.app/help-center/home.html]
[framerusercontent.com/images/LsKapZzTc459kbKdqU8E3Yo8Oqk.png]
[framerusercontent.com/images/0RRjJtg0hRPZp9Ah99OiEULsTvw.png]
[framerusercontent.com/images/9SLqCXjIrDGf52kGfOdHQYqubmw.png]
[www.blitzit.app/&apos;data_image/svg+xml;utf8,_svg xmlns=_http_/www.w3.org/2000/svg_ xmlns_xlink=_http_/www.w3.org/1999/xlink_ viewBox=_0 0 7 5___path d=_M 2.375 2.334 L 5.041 2.334_]
[www.blitzit.app/&apos;data_image/svg+xml;utf8,_svg xmlns=_http_/www.w3.org/2000/svg_ xmlns_xlink=_http_/www.w3.org/1999/xlink_ viewBox=_0 0 7 5___path d=_M 2.375 2.334 L 5.041 2.334_]
[framerusercontent.com/images/Ut2lNsIZ6PK4K9ZWd10QReitK8U.png]
[framerusercontent.com/images/baUelTJnyv0gScSvvNNOIBSxNg.png]
[www.blitzit.app/&apos;data_image/svg+xml;utf8,_svg xmlns=_http_/www.w3.org/2000/svg_ xmlns_xlink=_http_/www.w3.org/1999/xlink_ viewBox=_0 0 16 13___path d=_M 2.665 1 L 13.333 1 C 14]
[www.blitzit.app/&apos;data_image/svg+xml;utf8,_svg xmlns=_http_/www.w3.org/2000/svg_ xmlns_xlink=_http_/www.w3.org/1999/xlink_ viewBox=_0 0 16 13___path d=_M 2.665 1 L 13.333 1 C 14]
[framerusercontent.com/images/iOsWK66e78d5xObUmw0LJPxeZY.png]
[framerusercontent.com/sites/3IMKteN1GQ0roUwlfGKmcj/zZLBEv0V4CEY54QGS07WeZdEqRa4TnRxypziwl2lwV4.UV7X7UPB.mjs]
[www.blitzit.app/&apos;data_image/svg+xml;utf8,_svg xmlns=_http_/www.w3.org/2000/svg_ xmlns_xlink=_http_/www.w3.org/1999/xlink_ viewBox=_0 0 11 4___path d=_M 1.667 2.003 L 9 2.003_ fi]
[www.blitzit.app/&apos;data_image/svg+xml;utf8,_svg xmlns=_http_/www.w3.org/2000/svg_ xmlns_xlink=_http_/www.w3.org/1999/xlink_ viewBox=_0 0 11 4___path d=_M 1.667 2.003 L 9 2.003_ fi]
[framerusercontent.com/sites/3IMKteN1GQ0roUwlfGKmcj/chunk-EK7EAX7Q.mjs]
[framerusercontent.com/sites/3IMKteN1GQ0roUwlfGKmcj/chunk-OFHLN77T.mjs]
[framerusercontent.com/sites/3IMKteN1GQ0roUwlfGKmcj/chunk-SDJGRV4B.mjs]
[www.blitzit.app/&apos;data_image/svg+xml;utf8,_svg xmlns=_http_/www.w3.org/2000/svg_ xmlns_xlink=_http_/www.w3.org/1999/xlink_ viewBox=_0 0 169 170___path d=_M 169.001 84.579 C 169.0]
[www.blitzit.app/&apos;data_image/svg+xml;utf8,_svg xmlns=_http_/www.w3.org/2000/svg_ xmlns_xlink=_http_/www.w3.org/1999/xlink_ viewBox=_0 0 169 170___path d=_M 169.001 84.579 C 169.0]
[framerusercontent.com/sites/3IMKteN1GQ0roUwlfGKmcj/chunk-AK42Z627.mjs]
[framerusercontent.com/sites/3IMKteN1GQ0roUwlfGKmcj/TliuwYZQ4FFySx5ubEvfzkKAIyyxqhR2L7GSxIxv2Oo.7MAWQJF3.mjs]
[framerusercontent.com/images/yX0xdVmnG9O8whucyLkzn7wR18.png]
[www.blitzit.app/&apos;data_image/svg+xml;utf8,_svg xmlns=_http_/www.w3.org/2000/svg_ xmlns_xlink=_http_/www.w3.org/1999/xlink_ viewBox=_0 0 58 58___g__defs__linearGradient id=_idss98]
[www.blitzit.app/&apos;data_image/svg+xml;utf8,_svg xmlns=_http_/www.w3.org/2000/svg_ xmlns_xlink=_http_/www.w3.org/1999/xlink_ viewBox=_0 0 58 58___g__defs__linearGradient id=_idss98]
[framerusercontent.com/images/CRSLR5yc2nSxfon1YgByXjDSjA.png]
[framerusercontent.com/images/LvMnFKVMoB8JGybftGlTvGo95g.png]
[framerusercontent.com/images/NKMHnmjwWzhTzM7MkyXE5uzKgJE.png]
[www.blitzit.app/&apos;data_image/svg+xml;utf8,_svg xmlns=_http_/www.w3.org/2000/svg_ xmlns_xlink=_http_/www.w3.org/1999/xlink_ viewBox=_0 0 5 13___path d=_M 2.5 1.839 L 2.5 11.173_ f]
[www.blitzit.app/&apos;data_image/svg+xml;utf8,_svg xmlns=_http_/www.w3.org/2000/svg_ xmlns_xlink=_http_/www.w3.org/1999/xlink_ viewBox=_0 0 5 13___path d=_M 2.5 1.839 L 2.5 11.173_ f]
[www.blitzit.app/&apos;data_image/svg+xml;utf8,_svg xmlns=_http_/www.w3.org/2000/svg_ xmlns_xlink=_http_/www.w3.org/1999/xlink_ viewBox=_0 0 25 24___g__defs__linearGradient id=_idss25]
[www.blitzit.app/&apos;data_image/svg+xml;utf8,_svg xmlns=_http_/www.w3.org/2000/svg_ xmlns_xlink=_http_/www.w3.org/1999/xlink_ viewBox=_0 0 25 24___g__defs__linearGradient id=_idss25]
[framerusercontent.com/images/4Toyk1xwKQ61YilDxNOod0oD1Y.png]
[framerusercontent.com/images/L3bvKU0pf8KOU7nIwsgRBdKWkUc.png]
[framerusercontent.com/images/Sah2xdXJjrUQfIkR8t7W6O8U0s.png]
[www.blitzit.app/&apos;data_image/svg+xml;utf8,_svg xmlns=_http_/www.w3.org/2000/svg_ xmlns_xlink=_http_/www.w3.org/1999/xlink_ viewBox=_0 0 25 24___g__defs__linearGradient id=_idss32]
[www.blitzit.app/&apos;data_image/svg+xml;utf8,_svg xmlns=_http_/www.w3.org/2000/svg_ xmlns_xlink=_http_/www.w3.org/1999/xlink_ viewBox=_0 0 25 24___g__defs__linearGradient id=_idss32]
[framerusercontent.com/images/E0VNvJjrcblTgxPoEqsJYNw0Y.png]
[framerusercontent.com/images/UTZWn7sxSHus6euVHdBfSsMnSY.png]
[www.blitzit.app/&apos;data_image/svg+xml;utf8,_svg xmlns=_http_/www.w3.org/2000/svg_ xmlns_xlink=_http_/www.w3.org/1999/xlink_ viewBox=_0 0 25 24___g__defs__linearGradient id=_idss47]
[www.blitzit.app/&apos;data_image/svg+xml;utf8,_svg xmlns=_http_/www.w3.org/2000/svg_ xmlns_xlink=_http_/www.w3.org/1999/xlink_ viewBox=_0 0 25 24___g__defs__linearGradient id=_idss47]
[framerusercontent.com/images/97OiEi3EM5UZyoior7lJ59KNM.png]
[www.blitzit.app/&apos;data_image/svg+xml;utf8,_svg xmlns=_http_/www.w3.org/2000/svg_ xmlns_xlink=_http_/www.w3.org/1999/xlink_ viewBox=_0 0 25 24___g__defs__linearGradient id=_idss10]
[framerusercontent.com/images/ppO5V3J5ZuJbEmIB6Zu9kYsoTo.png]
[www.blitzit.app/&apos;data_image/svg+xml;utf8,_svg xmlns=_http_/www.w3.org/2000/svg_ xmlns_xlink=_http_/www.w3.org/1999/xlink_ viewBox=_0 0 25 24___g__defs__linearGradient id=_idss10]
[framerusercontent.com/images/AxWna6ydNTT7xRoAooJYrhxkwN4.png]
[framerusercontent.com/images/v02MtuGk0B9bT5Rtj8roTNlhnE.png]
[www.blitzit.app/&apos;data_image/svg+xml;utf8,_svg xmlns=_http_/www.w3.org/2000/svg_ xmlns_xlink=_http_/www.w3.org/1999/xlink_ viewBox=_0 0 7 10___path d=_M 1.499 9 L 5.499 4.999 L 1]
[www.blitzit.app/&apos;data_image/svg+xml;utf8,_svg xmlns=_http_/www.w3.org/2000/svg_ xmlns_xlink=_http_/www.w3.org/1999/xlink_ viewBox=_0 0 7 10___path d=_M 1.499 9 L 5.499 4.999 L 1]
[framerusercontent.com/images/tuJOWGrVSOfXlnqQ3W5m5y3xFbQ.png]
[framerusercontent.com/images/xIs8HerMwAB1D21yzyoRPqf5yc.png]
[framerusercontent.com/images/xRx8HJtCMwMBnBlULR3od3YW1lA.png]
[www.blitzit.app/&apos;data_image/svg+xml;utf8,_svg xmlns=_http_/www.w3.org/2000/svg_ xmlns_xlink=_http_/www.w3.org/1999/xlink_ viewBox=_0 0 28 16___g opacity=_0.3___defs__linearGradi]
[www.blitzit.app/&apos;data_image/svg+xml;utf8,_svg xmlns=_http_/www.w3.org/2000/svg_ xmlns_xlink=_http_/www.w3.org/1999/xlink_ viewBox=_0 0 28 16___g opacity=_0.3___defs__linearGradi]
[framerusercontent.com/images/6tTbkXggWgQCAJ4DO2QEdXXmgM.svg]
[framerusercontent.com/images/11KSGbIZoRSg4pjdnUoif6MKHI.svg]
[framerusercontent.com/images/dsWaVrKEDpS30hxgYIl05o14M.png]
[framerusercontent.com/images/202irTeoYirGFJFbiL7u3n8o3ew.png]
[framerusercontent.com/images/6v2EHiWaMqHSdfnEXnEYWvhq1fc.png]
[framerusercontent.com/images/lf5fpvoEB3J806ooI2VK5CnoM.png]
[framerusercontent.com/images/JxgcDkDLk0rCWfKj53vQa66k0w.png]
[www.blitzit.app/terms-&-conditions.html]
[framerusercontent.com/images/0i873iYE93APXpeq72sFpVJiFjE.png]
[framerusercontent.com/images/jHz2zwfbjvnqBZ5kYaf1nZPE7U.png]
[framerusercontent.com/images/d0TL2571BZNkIMfzhWYVhUtQs.png]
[framerusercontent.com/images/l4pyaQFrHfvELu8zt9HpmzOXNY.png]
[www.blitzit.app/help-center/introduction-to-blitzit.html]
[framerusercontent.com/images/UtejONsjtmQVBQG8YtAvNPct5FM.png]
[framerusercontent.com/images/N1tVIY6w5zsszsGVvqAzreC3WLM.png]
[framerusercontent.com/images/buhqwCw0XBbFgmlboTH6cpdQQ.png]
[framerusercontent.com/images/M0zzVmBe03w23olCjJmIfqd5kew.png]
[framerusercontent.com/images/r0L4llY9KF1dZvSTYgkduuR501M.png]
[www.blitzit.app/changelog.html]
[framerusercontent.com/images/Rjvq2V0gc4kRzMYuA0Wf6efXRgI.png]
[framerusercontent.com/images/RFMLtrsuAc5G1XHGkaIHZOck.png]
[framerusercontent.com/images/ebZluiJHZ7XRVC5P2Ara8GIM.png]
[framerusercontent.com/images/JIexacjdKGIVkeEQQOHvpLWoCc.png]
[framerusercontent.com/images/5Fp1IF5ARl8b3NrgI00VRhBKo.png]
[framerusercontent.com/sites/3IMKteN1GQ0roUwlfGKmcj/y0p3BlC4Oi3rZTaj-AJOiidiGgUZAukGTc-LHqY4vHw.6RQPXDFC.mjs]
[framerusercontent.com/sites/3IMKteN1GQ0roUwlfGKmcj/chunk-ENK4YSX5.mjs]
[www.blitzit.app/schema.org/index.html]
[www.blitzit.app/&apos;https_/framerusercontent.com/images/rR6HYXBrMmX4cRpXfXUOvpvpB0.html]
[www.blitzit.app/blog/the-dopamine-effect-when-breaking-down-tasks-into-subtasks.html]
[framerusercontent.com/sites/3IMKteN1GQ0roUwlfGKmcj/chunk-CKIE3WM4.mjs]
[www.blitzit.app/blog/small-steps-to-big-wins-the-two-minute-rule.html]
[framerusercontent.com/sites/3IMKteN1GQ0roUwlfGKmcj/chunk-KUGSXSIP.mjs]
[www.blitzit.app/blog/notion-s-new-calendar-app-redefining-productivity.html]
[www.blitzit.app/blog/the-pomodoro-technique-a-comprehensive-guide-to-boosting-productivity-and-learning.html]
[www.blitzit.app/blog/how-to-have-the-most-productive-monday.html]
[www.blitzit.app/blog/how-to-get-into-flow-state-top-tips-for-a-productive-2024.html]
[www.blitzit.app/blog/10-proven-time-management-strategies-for-2024.html]
[www.blitzit.app/blog/the-ultimate-unwinding-guide-for-a-more-productive-tomorrow.html]
[www.blitzit.app/blog/how-to-achieve-more-in-2024-the-top-productivity-hacks-tips-and-tricks.html]
[www.blitzit.app/blog/2022-a-new-era-of-productivity.html]
[www.blitzit.app/404.html]
[www.blitzit.app/a.html]
[www.blitzit.app/POST.html]
[www.blitzit.app/schema.org/index.html]
[www.blitzit.app/b.html]
[www.blitzit.app/signals/iwl.html]
[framerusercontent.com/sites/3IMKteN1GQ0roUwlfGKmcj/chunk-C4IRATM6.mjs]
